A  test.log
